Category: 📺央视频道, Name: CCTV-5, Total: 3, Valid: 3, Valid Percent: 100.00%, Whitelist: 0, IPv4: 3, IPv6: 0, Min Delay: 316 ms, Max Speed: 5.13 M/s, Avg Speed: 3.79 M/s, Max Resolution: 1920x1080
Category: 📺央视频道, Name: CCTV-4, Total: 2, Valid: 2, Valid Percent: 100.00%, Whitelist: 0, IPv4: 2, IPv6: 0, Min Delay: 2212 ms, Max Speed: 2.50 M/s, Avg Speed: 2.49 M/s, Max Resolution: 1920x1080
Category: 📺央视频道, Name: CCTV-7, Total: 4, Valid: 4, Valid Percent: 100.00%, Whitelist: 0, IPv4: 4, IPv6: 0, Min Delay: 472 ms, Max Speed: 8.69 M/s, Avg Speed: 4.93 M/s, Max Resolution: 1920x1080
Category: 📺央视频道, Name: CCTV-3, Total: 4, Valid: 4, Valid Percent: 100.00%, Whitelist: 0, IPv4: 4, IPv6: 0, Min Delay: 468 ms, Max Speed: 9.06 M/s, Avg Speed: 3.35 M/s, Max Resolution: 1920x1080
Category: 📺央视频道, Name: CCTV-2, Total: 3, Valid: 3, Valid Percent: 100.00%, Whitelist: 0, IPv4: 3, IPv6: 0, Min Delay: 350 ms, Max Speed: 3.14 M/s, Avg Speed: 2.78 M/s, Max Resolution: 1920x1080
Category: 📺央视频道, Name: CCTV-8, Total: 2, Valid: 2, Valid Percent: 100.00%, Whitelist: 0, IPv4: 2, IPv6: 0, Min Delay: 381 ms, Max Speed: 3.50 M/s, Avg Speed: 1.79 M/s, Max Resolution: 1920x1080
Category: 📺央视频道, Name: CCTV-6, Total: 2, Valid: 2, Valid Percent: 100.00%, Whitelist: 0, IPv4: 2, IPv6: 0, Min Delay: 413 ms, Max Speed: 5.12 M/s, Avg Speed: 2.56 M/s, Max Resolution: 1920x1080
Category: 📺央视频道, Name: CCTV-15, Total: 2, Valid: 2, Valid Percent: 100.00%, Whitelist: 0, IPv4: 2, IPv6: 0, Min Delay: 469 ms, Max Speed: 9.09 M/s, Avg Speed: 7.17 M/s, Max Resolution: 1920x1080
Category: 📺央视频道, Name: CCTV-16, Total: 1, Valid: 1, Valid Percent: 100.00%, Whitelist: 0, IPv4: 1, IPv6: 0, Min Delay: 621 ms, Max Speed: 6.61 M/s, Avg Speed: 6.61 M/s, Max Resolution: 1920x1080
Category: 📺央视频道, Name: CCTV-17, Total: 3, Valid: 3, Valid Percent: 100.00%, Whitelist: 0, IPv4: 3, IPv6: 0, Min Delay: 78 ms, Max Speed: 68.09 M/s, Avg Speed: 27.67 M/s, Max Resolution: 1920x1080
Category: 📺央视频道, Name: CCTV-13, Total: 5, Valid: 5, Valid Percent: 100.00%, Whitelist: 0, IPv4: 5, IPv6: 0, Min Delay: 320 ms, Max Speed: 5.68 M/s, Avg Speed: 2.00 M/s, Max Resolution: 1920x1080
Category: 📺央视频道, Name: CETV-1, Total: 3, Valid: 3, Valid Percent: 100.00%, Whitelist: 0, IPv4: 3, IPv6: 0, Min Delay: 466 ms, Max Speed: 10.91 M/s, Avg Speed: 9.48 M/s, Max Resolution: 1920x1080
Category: 📡卫视频道, Name: 广东卫视, Total: 5, Valid: 5, Valid Percent: 100.00%, Whitelist: 0, IPv4: 5, IPv6: 0, Min Delay: 448 ms, Max Speed: 9.14 M/s, Avg Speed: 8.17 M/s, Max Resolution: 1920x1080
Category: 📺央视频道, Name: CCTV-12, Total: 5, Valid: 5, Valid Percent: 100.00%, Whitelist: 0, IPv4: 5, IPv6: 0, Min Delay: 349 ms, Max Speed: 3.71 M/s, Avg Speed: 2.15 M/s, Max Resolution: 1920x1080
Category: 📺央视频道, Name: CCTV-10, Total: 5, Valid: 5, Valid Percent: 100.00%, Whitelist: 0, IPv4: 5, IPv6: 0, Min Delay: 338 ms, Max Speed: 9.14 M/s, Avg Speed: 4.29 M/s, Max Resolution: 1920x1080
Category: 📺央视频道, Name: CCTV-5+, Total: 3, Valid: 3, Valid Percent: 100.00%, Whitelist: 0, IPv4: 3, IPv6: 0, Min Delay: 10004 ms, Max Speed: 0.32 M/s, Avg Speed: 0.15 M/s, Max Resolution: 1920x1080
Category: 📡卫视频道, Name: 浙江卫视, Total: 6, Valid: 6, Valid Percent: 100.00%, Whitelist: 0, IPv4: 6, IPv6: 0, Min Delay: 477 ms, Max Speed: 9.27 M/s, Avg Speed: 7.43 M/s, Max Resolution: 1920x1080
Category: 📡卫视频道, Name: 湖南卫视, Total: 7, Valid: 7, Valid Percent: 100.00%, Whitelist: 0, IPv4: 7, IPv6: 0, Min Delay: 9 ms, Max Speed: 12.56 M/s, Avg Speed: 5.20 M/s, Max Resolution: 3840x2160
Category: 📡卫视频道, Name: 北京卫视, Total: 7, Valid: 7, Valid Percent: 100.00%, Whitelist: 0, IPv4: 7, IPv6: 0, Min Delay: 10 ms, Max Speed: 9.75 M/s, Avg Speed: 7.14 M/s, Max Resolution: 1920x1080
Category: 📡卫视频道, Name: 湖北卫视, Total: 5, Valid: 5, Valid Percent: 100.00%, Whitelist: 0, IPv4: 5, IPv6: 0, Min Delay: 443 ms, Max Speed: 8.93 M/s, Avg Speed: 6.99 M/s, Max Resolution: 1920x1080
Category: 📺央视频道, Name: CCTV-9, Total: 4, Valid: 4, Valid Percent: 100.00%, Whitelist: 0, IPv4: 4, IPv6: 0, Min Delay: 325 ms, Max Speed: 4.70 M/s, Avg Speed: 2.73 M/s, Max Resolution: 1920x1080
Category: 📡卫视频道, Name: 东方卫视, Total: 5, Valid: 5, Valid Percent: 100.00%, Whitelist: 0, IPv4: 5, IPv6: 0, Min Delay: 433 ms, Max Speed: 8.43 M/s, Avg Speed: 8.28 M/s, Max Resolution: 1920x1080
Category: 📡卫视频道, Name: 甘肃卫视, Total: 2, Valid: 2, Valid Percent: 100.00%, Whitelist: 0, IPv4: 2, IPv6: 0, Min Delay: 453 ms, Max Speed: 8.71 M/s, Avg Speed: 8.62 M/s, Max Resolution: 1920x1080
Category: 📡卫视频道, Name: 广西卫视, Total: 2, Valid: 2, Valid Percent: 100.00%, Whitelist: 0, IPv4: 2, IPv6: 0, Min Delay: 858 ms, Max Speed: 3.78 M/s, Avg Speed: 3.72 M/s, Max Resolution: 1920x1080
Category: 📡卫视频道, Name: 贵州卫视, Total: 5, Valid: 5, Valid Percent: 100.00%, Whitelist: 0, IPv4: 5, IPv6: 0, Min Delay: 55 ms, Max Speed: 87.14 M/s, Avg Speed: 24.28 M/s, Max Resolution: 1920x1080
Category: 📡卫视频道, Name: 海南卫视, Total: 1, Valid: 1, Valid Percent: 100.00%, Whitelist: 0, IPv4: 1, IPv6: 0, Min Delay: 934 ms, Max Speed: 5.03 M/s, Avg Speed: 5.03 M/s, Max Resolution: 1920x1080
Category: 📺央视频道, Name: CCTV-11, Total: 3, Valid: 3, Valid Percent: 100.00%, Whitelist: 0, IPv4: 3, IPv6: 0, Min Delay: 2205 ms, Max Speed: 2.22 M/s, Avg Speed: 1.47 M/s, Max Resolution: 1920x1080
Category: 📡卫视频道, Name: 吉林卫视, Total: 6, Valid: 6, Valid Percent: 100.00%, Whitelist: 0, IPv4: 6, IPv6: 0, Min Delay: 450 ms, Max Speed: 9.27 M/s, Avg Speed: 4.18 M/s, Max Resolution: 1920x1080
Category: 📺央视频道, Name: CCTV-14, Total: 2, Valid: 2, Valid Percent: 100.00%, Whitelist: 0, IPv4: 2, IPv6: 0, Min Delay: 334 ms, Max Speed: 2.62 M/s, Avg Speed: 1.31 M/s, Max Resolution: 1920x1080
Category: 📡卫视频道, Name: 江西卫视, Total: 5, Valid: 5, Valid Percent: 100.00%, Whitelist: 0, IPv4: 5, IPv6: 0, Min Delay: 470 ms, Max Speed: 9.49 M/s, Avg Speed: 8.82 M/s, Max Resolution: 1920x1080
Category: 📡卫视频道, Name: 宁夏卫视, Total: 4, Valid: 4, Valid Percent: 100.00%, Whitelist: 0, IPv4: 4, IPv6: 0, Min Delay: 40 ms, Max Speed: 131.21 M/s, Avg Speed: 65.56 M/s, Max Resolution: 1920x1080
Category: 📡卫视频道, Name: 青海卫视, Total: 3, Valid: 3, Valid Percent: 100.00%, Whitelist: 0, IPv4: 3, IPv6: 0, Min Delay: 471 ms, Max Speed: 10.60 M/s, Avg Speed: 9.28 M/s, Max Resolution: 1920x1080
Category: 📡卫视频道, Name: 内蒙古卫视, Total: 3, Valid: 3, Valid Percent: 100.00%, Whitelist: 0, IPv4: 3, IPv6: 0, Min Delay: 512 ms, Max Speed: 9.47 M/s, Avg Speed: 6.53 M/s, Max Resolution: 1920x1080
Category: 📡卫视频道, Name: 黑龙江卫视, Total: 5, Valid: 5, Valid Percent: 100.00%, Whitelist: 0, IPv4: 5, IPv6: 0, Min Delay: 563 ms, Max Speed: 8.17 M/s, Avg Speed: 3.78 M/s, Max Resolution: 1920x1080
Category: 📡卫视频道, Name: 安徽卫视, Total: 7, Valid: 7, Valid Percent: 100.00%, Whitelist: 0, IPv4: 7, IPv6: 0, Min Delay: 81 ms, Max Speed: 55.11 M/s, Avg Speed: 11.59 M/s, Max Resolution: 1920x1080
Category: 📡卫视频道, Name: 重庆卫视, Total: 6, Valid: 6, Valid Percent: 100.00%, Whitelist: 0, IPv4: 6, IPv6: 0, Min Delay: 487 ms, Max Speed: 9.59 M/s, Avg Speed: 3.73 M/s, Max Resolution: 1920x1080
Category: 📡卫视频道, Name: 山西卫视, Total: 5, Valid: 5, Valid Percent: 100.00%, Whitelist: 0, IPv4: 5, IPv6: 0, Min Delay: 45 ms, Max Speed: 119.10 M/s, Avg Speed: 28.02 M/s, Max Resolution: 1920x1080
Category: 📡卫视频道, Name: 陕西卫视, Total: 5, Valid: 5, Valid Percent: 100.00%, Whitelist: 0, IPv4: 5, IPv6: 0, Min Delay: 319 ms, Max Speed: 9.56 M/s, Avg Speed: 7.62 M/s, Max Resolution: 1920x1080
Category: 📡卫视频道, Name: 四川卫视, Total: 6, Valid: 6, Valid Percent: 100.00%, Whitelist: 0, IPv4: 6, IPv6: 0, Min Delay: 67 ms, Max Speed: 77.02 M/s, Avg Speed: 19.81 M/s, Max Resolution: 3840x2160
Category: 📡卫视频道, Name: 东南卫视, Total: 4, Valid: 4, Valid Percent: 100.00%, Whitelist: 0, IPv4: 4, IPv6: 0, Min Delay: 1713 ms, Max Speed: 2.50 M/s, Avg Speed: 1.86 M/s, Max Resolution: 1920x1080
Category: 📡卫视频道, Name: 河北卫视, Total: 6, Valid: 6, Valid Percent: 100.00%, Whitelist: 0, IPv4: 6, IPv6: 0, Min Delay: 461 ms, Max Speed: 7.58 M/s, Avg Speed: 4.08 M/s, Max Resolution: 1920x1080
Category: 📡卫视频道, Name: 河南卫视, Total: 5, Valid: 5, Valid Percent: 100.00%, Whitelist: 0, IPv4: 5, IPv6: 0, Min Delay: 446 ms, Max Speed: 8.62 M/s, Avg Speed: 3.10 M/s, Max Resolution: 1920x1080
Category: 📡卫视频道, Name: 深圳卫视, Total: 6, Valid: 6, Valid Percent: 100.00%, Whitelist: 0, IPv4: 6, IPv6: 0, Min Delay: 296 ms, Max Speed: 9.07 M/s, Avg Speed: 6.33 M/s, Max Resolution: 1920x1080
Category: 📡卫视频道, Name: 西藏卫视, Total: 2, Valid: 2, Valid Percent: 100.00%, Whitelist: 0, IPv4: 2, IPv6: 0, Min Delay: 472 ms, Max Speed: 9.58 M/s, Avg Speed: 9.47 M/s, Max Resolution: 1920x1080
Category: 📡卫视频道, Name: 天津卫视, Total: 5, Valid: 5, Valid Percent: 100.00%, Whitelist: 0, IPv4: 5, IPv6: 0, Min Delay: 470 ms, Max Speed: 9.13 M/s, Avg Speed: 4.64 M/s, Max Resolution: 1920x1080
Category: 📡卫视频道, Name: 新疆卫视, Total: 2, Valid: 2, Valid Percent: 100.00%, Whitelist: 0, IPv4: 2, IPv6: 0, Min Delay: 465 ms, Max Speed: 10.18 M/s, Avg Speed: 6.11 M/s, Max Resolution: 1920x1080
Category: 📡卫视频道, Name: 三沙卫视, Total: 4, Valid: 4, Valid Percent: 100.00%, Whitelist: 0, IPv4: 4, IPv6: 0, Min Delay: 440 ms, Max Speed: 7.42 M/s, Avg Speed: 4.21 M/s, Max Resolution: 1920x1080
Category: 📡卫视频道, Name: 江苏卫视, Total: 6, Valid: 6, Valid Percent: 100.00%, Whitelist: 0, IPv4: 6, IPv6: 0, Min Delay: 50 ms, Max Speed: 95.14 M/s, Avg Speed: 21.95 M/s, Max Resolution: 1920x1080
Category: 📡卫视频道, Name: 辽宁卫视, Total: 5, Valid: 5, Valid Percent: 100.00%, Whitelist: 0, IPv4: 5, IPv6: 0, Min Delay: 568 ms, Max Speed: 9.04 M/s, Avg Speed: 6.89 M/s, Max Resolution: 1920x1080
Category: 📡卫视频道, Name: 云南卫视, Total: 7, Valid: 7, Valid Percent: 100.00%, Whitelist: 0, IPv4: 7, IPv6: 0, Min Delay: 452 ms, Max Speed: 9.21 M/s, Avg Speed: 7.18 M/s, Max Resolution: 1920x1080
Category: ☘️广东频道, Name: 大湾区卫视, Total: 1, Valid: 1, Valid Percent: 100.00%, Whitelist: 0, IPv4: 1, IPv6: 0, Min Delay: 9891 ms, Max Speed: 0.71 M/s, Avg Speed: 0.71 M/s, Max Resolution: 1920x1080
Category: 📡卫视频道, Name: 山东卫视, Total: 6, Valid: 6, Valid Percent: 100.00%, Whitelist: 0, IPv4: 6, IPv6: 0, Min Delay: 443 ms, Max Speed: 8.88 M/s, Avg Speed: 6.14 M/s, Max Resolution: 1920x1080
